// Jest Snapshot v1, https://goo.gl/fbAQLP

exports[`<PostCard/> should match snapshot 1`] = `
<div
  class="post"
>
  <img
    alt="Titulo teste"
    src="img.img.png"
  />
  <div
    class="post-content"
  >
    <h1>
      Titulo teste
       
      1
    </h1>
    <p>
      Body teste
    </p>
  </div>
</div>
`;
